// Jest Snapshot v1, https://goo.gl/fbAQLP

exports[`fixtures/semicolons-fixture.js 1`] = `
"error: Missing semicolon (semi) at __tests__/wpcs/fixtures/semicolons-fixture.js:3:7:
  1 | /* eslint-disable no-unused-vars */
  2 | var aa;
> 3 | var bb
    |       ^
  4 | var cc ;
  5 | var dd;;
  6 | var ee; ;


error: Unexpected whitespace before semicolon (semi-spacing) at __tests__/wpcs/fixtures/semicolons-fixture.js:4:8:
  2 | var aa;
  3 | var bb
> 4 | var cc ;
    |        ^
  5 | var dd;;
  6 | var ee; ;
  7 | /* eslint-enable no-unused-vars */


error: Missing whitespace after semicolon (semi-spacing) at __tests__/wpcs/fixtures/semicolons-fixture.js:5:7:
  3 | var bb
  4 | var cc ;
> 5 | var dd;;
    |       ^
  6 | var ee; ;
  7 | /* eslint-enable no-unused-vars */
  8 | 


error: Unnecessary semicolon (no-extra-semi) at __tests__/wpcs/fixtures/semicolons-fixture.js:5:8:
  3 | var bb
  4 | var cc ;
> 5 | var dd;;
    |        ^
  6 | var ee; ;
  7 | /* eslint-enable no-unused-vars */
  8 | 


error: Unnecessary semicolon (no-extra-semi) at __tests__/wpcs/fixtures/semicolons-fixture.js:6:9:
  4 | var cc ;
  5 | var dd;;
> 6 | var ee; ;
    |         ^
  7 | /* eslint-enable no-unused-vars */
  8 | 


error: Unnecessary escape character: \\\\\\" (no-useless-escape) at __tests__/wpcs/fixtures/strings-fixture.js:5:42:
  3 | var bb = 'Escape single quotes \\\\'within strings\\\\'';
  4 | var cc = 'Don\\\\'t escape double quotes \\"within strings\\"';
> 5 | var dd = 'Needless escaped single quotes \\\\\\"within strings\\\\\\"';
    |                                          ^
  6 | var ee = \\"Strings should be contained in single quotes, not double quotes\\";
  7 | /* eslint-enable no-unused-vars */
  8 | 


error: Unnecessary escape character: \\\\\\" (no-useless-escape) at __tests__/wpcs/fixtures/strings-fixture.js:5:58:
  3 | var bb = 'Escape single quotes \\\\'within strings\\\\'';
  4 | var cc = 'Don\\\\'t escape double quotes \\"within strings\\"';
> 5 | var dd = 'Needless escaped single quotes \\\\\\"within strings\\\\\\"';
    |                                                          ^
  6 | var ee = \\"Strings should be contained in single quotes, not double quotes\\";
  7 | /* eslint-enable no-unused-vars */
  8 | 


error: Strings must use singlequote (quotes) at __tests__/wpcs/fixtures/strings-fixture.js:6:10:
  4 | var cc = 'Don\\\\'t escape double quotes \\"within strings\\"';
  5 | var dd = 'Needless escaped single quotes \\\\\\"within strings\\\\\\"';
> 6 | var ee = \\"Strings should be contained in single quotes, not double quotes\\";
    |          ^
  7 | /* eslint-enable no-unused-vars */
  8 | 


8 errors found.
6 errors potentially fixable with the \`--fix\` option."
`;

exports[`fixtures/strings-fixture.js 1`] = `
"error: Missing semicolon (semi) at __tests__/wpcs/fixtures/semicolons-fixture.js:3:7:
  1 | /* eslint-disable no-unused-vars */
  2 | var aa;
> 3 | var bb
    |       ^
  4 | var cc ;
  5 | var dd;;
  6 | var ee; ;


error: Unexpected whitespace before semicolon (semi-spacing) at __tests__/wpcs/fixtures/semicolons-fixture.js:4:8:
  2 | var aa;
  3 | var bb
> 4 | var cc ;
    |        ^
  5 | var dd;;
  6 | var ee; ;
  7 | /* eslint-enable no-unused-vars */


error: Missing whitespace after semicolon (semi-spacing) at __tests__/wpcs/fixtures/semicolons-fixture.js:5:7:
  3 | var bb
  4 | var cc ;
> 5 | var dd;;
    |       ^
  6 | var ee; ;
  7 | /* eslint-enable no-unused-vars */
  8 | 


error: Unnecessary semicolon (no-extra-semi) at __tests__/wpcs/fixtures/semicolons-fixture.js:5:8:
  3 | var bb
  4 | var cc ;
> 5 | var dd;;
    |        ^
  6 | var ee; ;
  7 | /* eslint-enable no-unused-vars */
  8 | 


error: Unnecessary semicolon (no-extra-semi) at __tests__/wpcs/fixtures/semicolons-fixture.js:6:9:
  4 | var cc ;
  5 | var dd;;
> 6 | var ee; ;
    |         ^
  7 | /* eslint-enable no-unused-vars */
  8 | 


error: Unnecessary escape character: \\\\\\" (no-useless-escape) at __tests__/wpcs/fixtures/strings-fixture.js:5:42:
  3 | var bb = 'Escape single quotes \\\\'within strings\\\\'';
  4 | var cc = 'Don\\\\'t escape double quotes \\"within strings\\"';
> 5 | var dd = 'Needless escaped single quotes \\\\\\"within strings\\\\\\"';
    |                                          ^
  6 | var ee = \\"Strings should be contained in single quotes, not double quotes\\";
  7 | /* eslint-enable no-unused-vars */
  8 | 


error: Unnecessary escape character: \\\\\\" (no-useless-escape) at __tests__/wpcs/fixtures/strings-fixture.js:5:58:
  3 | var bb = 'Escape single quotes \\\\'within strings\\\\'';
  4 | var cc = 'Don\\\\'t escape double quotes \\"within strings\\"';
> 5 | var dd = 'Needless escaped single quotes \\\\\\"within strings\\\\\\"';
    |                                                          ^
  6 | var ee = \\"Strings should be contained in single quotes, not double quotes\\";
  7 | /* eslint-enable no-unused-vars */
  8 | 


error: Strings must use singlequote (quotes) at __tests__/wpcs/fixtures/strings-fixture.js:6:10:
  4 | var cc = 'Don\\\\'t escape double quotes \\"within strings\\"';
  5 | var dd = 'Needless escaped single quotes \\\\\\"within strings\\\\\\"';
> 6 | var ee = \\"Strings should be contained in single quotes, not double quotes\\";
    |          ^
  7 | /* eslint-enable no-unused-vars */
  8 | 


8 errors found.
6 errors potentially fixable with the \`--fix\` option."
`;
